🧪 快速测试 - 5个RSS源
📡 抓取RSS...
共获取 224 篇
🔍 筛选后 82 篇
🌐 翻译前 30 篇...
  [1] Optimal operation of hole spin qubits...
      → 空穴自旋量子位的优化操作...
  [2] A super-conducting diode with ultimate efficiency and noise ...
      → 77 K 下具有终极效率和噪声恢复能力的超导二极管...
  [3] Learning cell dynamics with neural differential equations...
      → 使用神经微分方程学习细胞动力学...
  [4] A psychometric framework for evaluating and shaping personal...
      → 用于评估和塑造大型语言模型中的人格特质的心理测量框架...
  [5] Multimodal out-of-distribution individual uncertainty quanti...
      → 多模态分布外个体不确定性量化增强了多药理学的结合亲和力预测...
  [6] Solving finite element methods with spiking networks...
      → 使用尖峰网络求解有限元方法...
  [7] Network-aware self-supervised learning enables high-content ...
      → 网络感知自我监督学习能够对神经元活动动态的遗传修饰因子进行高内容表型筛选...
  [8] LLM use in scholarly writing poses a provenance problem...
      → 法学硕士在学术写作中的使用带来了出处问题...
  [9] Deciphering RNA–ligand binding specificity with GerNA-Bind...
      → 使用 GerNA-Bind 破译 RNA-配体结合特异性...
  [10] A multimodal cell-free RNA language model for liquid biopsy ...
      → 用于液体活检应用的多模式无细胞 RNA 语言模型...
  [11] Gut microbiota-derived metabolite isovalerylcarnitine modula...
      → 肠道微生物群衍生的代谢物异戊酰肉碱调节血压和高血压的盐敏感性：一项多中心膳食盐干预试验...
  [12] Itinerant to Localized Heavy Electron Magnetism in $\mathrm{...
      → $\mathrm{Ce}({\mathrm{Ru}}_{1−x}{\mathrm{Rh}}_{x}{)}_{2}{\ma...
  [13] Band Topology and Dynamic Multiferroicity Induced from Dynam...
      → 中心对称晶格中动态 Dzyaloshinskii-Moriya 相互作用引起的能带拓扑和动态多铁性...
  [14] Quantum Circuits for Matrix-Product Unitaries...
      → 矩阵乘积酉的量子电路...
  [15] Global Kinetic Simulations of Monster Shocks and Their Emiss...
      → 怪物冲击及其发射的全局动力学模拟...
  [16] Spin Inversion Enforced by Crystal Symmetry in Ferroelastic ...
      → 铁弹性交变磁体中晶体对称性强制的自旋反转...
  [17] Observation and Control of Potential-Dependent Surface-State...
      → 通过光学各向异性观察和控制半导体-电解质界面上电势相关的表面态形成...
  [18] Projectively Implemented Altermagnetism in an Exactly Solvab...
      → 在精确可解的量子自旋液体中投影实现交变磁性...
  [19] Forced 3D Reconnection in an Exponentially Separating Magnet...
      → 指数分离磁场中的强制 3D 重连接...
  [20] Stochastic Heating in the Sub-Alfvénic Solar Wind...
      → 次阿尔芬尼太阳风中的随机加热...
  [21] Variational Machine Learning Model for Electronic Structure ...
      → 通过密度矩阵进行电子结构优化的变分机器学习模型...
  [22] Quantum Geometric Origin of Strain-Induced Ferroelectric Pha...
      → 应变诱导铁电相变的量子几何起源...
  [23] Emergent Dispersive Multipolar Excitations in ${\mathrm{NaEr...
      → ${\mathrm{NaErSe}}_{2}$ 中的突现色散多极激发...
  [24] Essay: Generalized Landau Paradigm for Quantum Phases and Ph...
      → 论文：量子相和相变的广义朗道范式...
  [25] Noncooperative Quantum Networks...
      → 非合作量子网络...
  [26] Vacuum Muon Decay and Interaction with Laser Pulses...
      → 真空 μ 子衰变以及与激光脉冲的相互作用...
  [27] Quantized Crystalline-Electromagnetic Responses in Insulator...
      → 绝缘体中的量子化晶体电磁响应...
  [28] Fractional Topological States in Rhombohedral Multilayer Gra...
      → Kagome 超晶格调制菱面体多层石墨烯的分数拓扑态...
  [29] Electrically Switchable Nonrelativistic Zeeman Spin Splittin...
      → 共线反铁磁体中的电可切换非相对论塞曼自旋分裂...
  [30] Ab Initio Theory of Phonon Magnetic Moment Induced by Electr...
      → 磁性材料中电子声子耦合引起的声子磁矩从头算理论...
💾 保存数据...
  已保存: articles/2025-12-12_958dcb0f8ccc.md
  已保存: articles/2025-12-11_3196ffb889b2.md
  已保存: articles/2025-12-18_3116e7f4e62c.md
  已保存: articles/2025-12-18_fd863615eed8.md
  已保存: articles/2025-12-18_705b351d5cc5.md
  已保存: articles/2025-12-17_a8fbbb049343.md
  已保存: articles/2025-12-17_847b0dcb665a.md
  已保存: articles/2025-12-12_6acccbf7b762.md
  已保存: articles/2025-12-12_b07374d22ee0.md
  已保存: articles/2025-12-10_73fe21ae633c.md
  已保存: articles/2025-12-26_2138e90a29bc.md
  已保存: articles/2025-12-24_46df7653a841.md
  已保存: articles/2025-12-24_30e4b690817b.md
  已保存: articles/2025-12-22_628aceee39a5.md
  已保存: articles/2025-12-22_23bdf219b68a.md
  已保存: articles/2025-12-22_7460f1181cd2.md
  已保存: articles/2025-12-22_d3df6829e490.md
  已保存: articles/2025-12-19_0e2864ed1928.md
  已保存: articles/2025-12-18_4f1b2b940441.md
  已保存: articles/2025-12-18_9228cb63238a.md
  已保存: articles/2025-12-18_f415f930b40e.md
  已保存: articles/2025-12-18_f7f4aa7f9599.md
  已保存: articles/2025-12-18_9f12701a5285.md
  已保存: articles/2025-12-17_21eb7159a08c.md
  已保存: articles/2025-12-17_3fc0759f0790.md
  已保存: articles/2025-12-17_03ed12cdc8f4.md
  已保存: articles/2025-12-17_28e36f6dba01.md
  已保存: articles/2025-12-17_e40a53074f7a.md
  已保存: articles/2025-12-17_cfa0fd3a0703.md
  已保存: articles/2025-12-16_7ad73f06203b.md
✅ 测试完成!
